Windows PowerShell
Copyright (C) Microsoft Corporation. All rights reserved.

Try the new cross-platform PowerShell https://aka.ms/pscore6

PS F:\CTS Internship\PHP\Symfony> composer create-project symfony/website-skeleton Student_Inventory_System
Creating a "symfony/website-skeleton" project at "./Student_Inventory_System"
Installing symfony/website-skeleton (v5.0.99)
  - Installing symfony/website-skeleton (v5.0.99): Loading from cache
Created project in F:\CTS Internship\PHP\Symfony\Student_Inventory_System
Loading composer repositories with package information
Updating dependencies (including require-dev)
Package operations: 1 install, 0 updates, 0 removals
  - Installing symfony/flex (v1.6.2): Loading from cache
Symfony operations: 1 recipe (9afae5eb926dc5f6f1a877877495e4d0)
  - Configuring symfony/flex (>=1.0): From github.com/symfony/recipes:master
Loading composer repositories with package information
Updating dependencies (including require-dev)
Restricting packages listed in "symfony/symfony" to "5.0.*"

Prefetching 3 packages
  - Downloading (100%)

Package operations: 106 installs, 0 updates, 0 removals
  - Installing ocramius/package-versions (1.8.0): Loading from cache
  - Installing symfony/polyfill-mbstring (v1.15.0): Loading from cache
  - Installing twig/twig (v3.0.3): Loading from cache
  - Installing psr/log (1.1.3): Loading from cache
  - Installing symfony/polyfill-php73 (v1.15.0): Loading from cache
  - Installing symfony/polyfill-intl-idn (v1.15.0): Loading from cache
  - Installing symfony/mime (v5.0.8): Loading from cache
  - Installing symfony/http-foundation (v5.0.8): Loading from cache
  - Installing psr/event-dispatcher (1.0.0): Loading from cache
  - Installing symfony/event-dispatcher-contracts (v2.0.1): Loading from cache
  - Installing symfony/event-dispatcher (v5.0.8): Loading from cache
  - Installing symfony/var-dumper (v5.0.8): Loading from cache
  - Installing symfony/error-handler (v5.0.8): Loading from cache
  - Installing symfony/http-kernel (v5.0.8): Loading from cache
  - Installing symfony/translation-contracts (v2.0.1): Loading from cache
  - Installing psr/container (1.0.0): Loading from cache
  - Installing psr/cache (1.0.1): Loading from cache
  - Installing symfony/twig-bridge (v5.0.8): Loading from cache
  - Installing symfony/filesystem (v5.0.8): Loading from cache
  - Installing symfony/config (v5.0.8): Loading from cache
  - Installing symfony/twig-bundle (v5.0.8): Loading from cache
  - Installing symfony/routing (v5.0.8): Loading from cache
  - Installing symfony/finder (v5.0.8): Loading from cache
  - Installing symfony/service-contracts (v2.0.1): Loading from cache
  - Installing symfony/dependency-injection (v5.0.8): Loading from cache
  - Installing symfony/var-exporter (v5.0.8): Loading from cache
  - Installing symfony/cache-contracts (v2.0.1): Loading from cache
  - Installing symfony/cache (v5.0.8): Loading from cache
  - Installing symfony/framework-bundle (v5.0.8): Loading from cache
  - Installing twig/extra-bundle (v3.0.3): Loading from cache
  - Installing symfony/twig-pack (v1.0.0): Loading from cache
  - Installing doctrine/lexer (1.2.0): Loading from cache
  - Installing doctrine/annotations (1.10.2): Loading from cache
  - Installing sensio/framework-extra-bundle (v5.5.5): Loading from cache
  - Installing symfony/asset (v5.0.8): Loading from cache
  - Installing symfony/dotenv (v5.0.8): Loading from cache
  - Installing symfony/expression-language (v5.0.8): Loading from cache
  - Installing symfony/inflector (v5.0.8): Loading from cache
  - Installing symfony/property-access (v5.0.8): Loading from cache
  - Installing symfony/options-resolver (v5.0.8): Loading from cache
  - Installing symfony/intl (v5.0.8): Loading from cache
  - Installing symfony/polyfill-intl-icu (v1.15.0): Loading from cache
  - Installing symfony/form (v5.0.8): Loading from cache
  - Installing symfony/http-client-contracts (v2.0.1): Loading from cache
  - Installing symfony/http-client (v5.0.8): Loading from cache
  - Installing egulias/email-validator (2.1.17): Loading from cache
  - Installing symfony/mailer (v5.0.8): Loading from cache
  - Installing symfony/notifier (v5.0.8): Loading from cache
  - Installing webimpress/safe-writer (2.0.1): Loading from cache
  - Installing laminas/laminas-zendframework-bridge (1.0.3): Loading from cache
  - Installing laminas/laminas-eventmanager (3.2.1): Loading from cache
  - Installing laminas/laminas-code (3.4.1): Loading from cache
  - Installing ocramius/proxy-manager (2.8.0): Loading from cache
  - Installing doctrine/event-manager (1.1.0): Loading from cache
  - Installing doctrine/cache (1.10.0): Loading from cache
  - Installing doctrine/dbal (2.10.2): Loading from cache
  - Installing doctrine/reflection (1.2.1): Loading from cache
  - Installing doctrine/collections (1.6.4): Loading from cache
  - Installing doctrine/persistence (1.3.7): Loading from cache
  - Installing doctrine/inflector (1.4.0): Loading from cache
  - Installing doctrine/common (2.12.0): Loading from cache
  - Installing symfony/stopwatch (v5.0.8): Loading from cache
  - Installing symfony/console (v5.0.8): Loading from cache
  - Installing doctrine/migrations (2.2.1): Loading from cache
  - Installing symfony/security-core (v5.0.8): Loading from cache
  - Installing jdorn/sql-formatter (v1.2.17): Loading from cache
  - Installing symfony/doctrine-bridge (v5.0.8): Loading from cache
  - Installing doctrine/doctrine-bundle (2.0.8): Loading from cache
  - Installing doctrine/doctrine-migrations-bundle (2.1.2): Loading from cache
  - Installing doctrine/instantiator (1.3.0): Loading from cache
  - Installing doctrine/orm (v2.7.2): Loading from cache
  - Installing symfony/orm-pack (v1.0.8): Loading from cache
  - Installing symfony/process (v5.0.8): Loading from cache
  - Installing symfony/security-http (v5.0.8): Loading from cache
  - Installing symfony/security-guard (v5.0.8): Loading from cache
  - Installing symfony/security-csrf (v5.0.8): Loading from cache
  - Installing symfony/security-bundle (v5.0.8): Loading from cache
  - Installing symfony/serializer (v5.0.8): Loading from cache
  - Installing symfony/property-info (v5.0.8): Loading from cache
  - Installing phpdocumentor/reflection-common (2.1.0): Loading from cache
  - Installing webmozart/assert (1.8.0): Loading from cache
  - Installing phpdocumentor/type-resolver (1.1.0): Loading from cache
  - Installing phpdocumentor/reflection-docblock (5.1.0): Loading from cache
  - Installing symfony/serializer-pack (v1.0.3): Loading from cache
  - Installing symfony/polyfill-intl-normalizer (v1.15.0): Loading from cache
  - Installing symfony/polyfill-intl-grapheme (v1.15.0): Loading from cache
  - Installing symfony/string (v5.0.8): Loading from cache
  - Installing symfony/translation (v5.0.8): Loading from cache
  - Installing symfony/validator (v5.0.8): Loading from cache
  - Installing psr/link (1.0.0): Loading from cache
  - Installing symfony/web-link (v5.0.8): Loading from cache
  - Installing symfony/yaml (v5.0.8): Loading from cache
  - Installing symfony/web-profiler-bundle (v5.0.8): Loading from cache
  - Installing symfony/profiler-pack (v1.0.4): Loading from cache
  - Installing monolog/monolog (2.0.2): Loading from cache
  - Installing symfony/monolog-bridge (v5.0.8): Loading from cache
  - Installing symfony/monolog-bundle (v3.5.0): Loading from cache
  - Installing symfony/debug-bundle (v5.0.8): Loading from cache
  - Installing symfony/debug-pack (v1.0.8): Loading from cache
  - Installing nikic/php-parser (v4.4.0): Loading from cache
  - Installing symfony/maker-bundle (v1.17.0): Loading from cache
  - Installing symfony/phpunit-bridge (v5.0.8): Loading from cache
  - Installing symfony/css-selector (v5.0.8): Loading from cache
  - Installing symfony/dom-crawler (v5.0.8): Loading from cache
  - Installing symfony/browser-kit (v5.0.8): Loading from cache
  - Installing symfony/test-pack (v1.0.6): Loading from cache
Writing lock file
Generating autoload files
ocramius/package-versions: Generating version class...
ocramius/package-versions: ...done generating version class
68 packages you are using are looking for funding.
Use the `composer fund` command to find out more!
Symfony operations: 19 recipes (9afae5eb926dc5f6f1a877877495e4d0)
  - Configuring symfony/framework-bundle (>=4.4): From github.com/symfony/recipes:master
  - Configuring symfony/twig-bundle (>=5.0): From github.com/symfony/recipes:master
  - Configuring symfony/routing (>=4.2): From github.com/symfony/recipes:master
  - Configuring twig/extra-bundle (>=v3.0.3): From auto-generated recipe
  - Configuring doctrine/annotations (>=1.0): From github.com/symfony/recipes:master
  - Configuring sensio/framework-extra-bundle (>=5.2): From github.com/symfony/recipes:master
  - Configuring symfony/mailer (>=4.3): From github.com/symfony/recipes:master
  - Configuring symfony/notifier (>=5.0): From github.com/symfony/recipes:master
  - Configuring symfony/console (>=4.4): From github.com/symfony/recipes:master
  - Configuring doctrine/doctrine-bundle (>=2.0): From github.com/symfony/recipes:master
  - Configuring doctrine/doctrine-migrations-bundle (>=1.2): From github.com/symfony/recipes:master
  - Configuring symfony/security-bundle (>=4.4): From github.com/symfony/recipes:master
  - Configuring symfony/translation (>=3.3): From github.com/symfony/recipes:master
  - Configuring symfony/validator (>=4.3): From github.com/symfony/recipes:master
  - Configuring symfony/web-profiler-bundle (>=3.3): From github.com/symfony/recipes:master
  - Configuring symfony/monolog-bundle (>=3.3): From github.com/symfony/recipes:master
  - Configuring symfony/debug-bundle (>=4.1): From github.com/symfony/recipes:master
  - Configuring symfony/maker-bundle (>=1.0): From github.com/symfony/recipes:master
  - Configuring symfony/phpunit-bridge (>=4.3): From github.com/symfony/recipes:master
Executing script cache:clear [OK]
Executing script assets:install public [OK]

Some files may have been created or updated to configure your new packages.
Please review, edit and commit them: these files are yours.

Some files may have been created or updated to configure your new packages.
Please review, edit and commit them: these files are yours.


 What's next?


  * Run your application:
    1. Go to the project directory
    2. Create your code repository with the git init command
    3. Download the Symfony CLI at https://symfony.com/download to install a development web server

  * Read the documentation at https://symfony.com/doc


 What's next?


  * You're ready to send emails.

  * If you want to send emails via a supported email provider, install
    the corresponding bridge.
    For instance, composer require mailgun-mailer for Mailgun.

  * If you want to send emails asynchronously:

    1. Install the messenger component by running composer require messenger;
    2. Add 'Symfony\Component\Mailer\Messenger\SendEmailMessage': amqp to the
       config/packages/messenger.yaml file under framework.messenger.routing
       and replace amqp with your transport name of choice.

  * Read the documentation at https://symfony.com/doc/master/mailer.html


 Database Configuration


  * Modify your DATABASE_URL config in .env

  * Configure the driver (mysql) and
    server_version (5.7) in config/packages/doctrine.yaml


 How to test?


  * Write test cases in the tests/ folder
  * Run php bin/phpunit

PS F:\CTS Internship\PHP\Symfony> composer require apache-pack


  [RuntimeException]
  No composer.json present in the current directory, this may be the cause of the following exception.



  [InvalidArgumentException]
  Could not find package apache-pack.

  Did you mean one of these?
      symfony/apache-pack
      gpupo/content-butler


require [--dev] [--prefer-source] [--prefer-dist] [--fixed] [--no-progress] [--no-suggest] [--no-update] [--no-scripts] [--update-no-dev] [--update-with-dependencies] [--update-with-all-dependencies] [--ignore-platform-reqs] [--prefer-stable] [--prefer-lowest] [--sort-packages] [-o|--optimize-autoloader] [-a|--classmap-authoritative] [--apcu-autoloader] [--] [<packages>]...

PS F:\CTS Internship\PHP\Symfony> cd .\Student_Inventory_System\
PS F:\CTS Internship\PHP\Symfony\Student_Inventory_System> composer require apache-pack
Using version ^1.0 for symfony/apache-pack
./composer.json has been updated
Loading composer repositories with package information
Updating dependencies (including require-dev)
Restricting packages listed in "symfony/symfony" to "5.0.*"
Package operations: 1 install, 0 updates, 0 removals
  - Installing symfony/apache-pack (v1.0.1): Loading from cache
Writing lock file
Generating autoload files
ocramius/package-versions: Generating version class...
ocramius/package-versions: ...done generating version class
68 packages you are using are looking for funding.
Use the `composer fund` command to find out more!
Symfony operations: 1 recipe (565d27d94b0d1382a2b17a4dd302a01f)
  -  WARNING  symfony/apache-pack (>=1.0): From github.com/symfony/recipes-contrib:master
    The recipe for this package comes from the "contrib" repository, which is open to community contributions.
    Review the recipe at https://github.com/symfony/recipes-contrib/tree/master/symfony/apache-pack/1.0

    Do you want to execute this recipe?
    [y] Yes
    [n] No
    [a] Yes for all packages, only for the current installation session
    [p] Yes permanently, never ask again for this project
    (defaults to n): y
  - Configuring symfony/apache-pack (>=1.0): From github.com/symfony/recipes-contrib:master
Executing script cache:clear [OK]
Executing script assets:install public [OK]

Some files may have been created or updated to configure your new packages.
Please review, edit and commit them: these files are yours.

PS F:\CTS Internship\PHP\Symfony\Student_Inventory_System> composer require symfony/orm-pack
Using version ^1.0 for symfony/orm-pack
./composer.json has been updated
Loading composer repositories with package information
Updating dependencies (including require-dev)
Restricting packages listed in "symfony/symfony" to "5.0.*"
Nothing to install or update
Writing lock file
Generating autoload files
ocramius/package-versions: Generating version class...
ocramius/package-versions: ...done generating version class
68 packages you are using are looking for funding.
Use the `composer fund` command to find out more!
Executing script cache:clear [OK]
Executing script assets:install public [OK]

PS F:\CTS Internship\PHP\Symfony\Student_Inventory_System> composer require --dev symfony/maker-bundle
Using version ^1.17 for symfony/maker-bundle
./composer.json has been updated
Loading composer repositories with package information
Updating dependencies (including require-dev)
Restricting packages listed in "symfony/symfony" to "5.0.*"
Nothing to install or update
Writing lock file
Generating autoload files
ocramius/package-versions: Generating version class...
ocramius/package-versions: ...done generating version class
68 packages you are using are looking for funding.
Use the `composer fund` command to find out more!
Executing script cache:clear [OK]
Executing script assets:install public [OK]

PS F:\CTS Internship\PHP\Symfony\Student_Inventory_System> php bin/console doctrine:database:create
Created database `SIS` for connection named default
PS F:\CTS Internship\PHP\Symfony\Student_Inventory_System> php bin/console make:user

 The name of the security user class (e.g. User) [User]:
 >

 Do you want to store user data in the database (via Doctrine)? (yes/no) [yes]:
 > yes

 Enter a property name that will be the unique "display" name for the user (e.g. email, username, uuid) [email]:
 > username

 Will this app need to hash/check user passwords? Choose No if passwords are not needed or will be checked/hashed by some other system (e.g. a single sign-on server).

 Does this app need to hash/check user passwords? (yes/no) [yes]:
 > yes

 created: src/Entity/User.php
 created: src/Repository/UserRepository.php
 updated: src/Entity/User.php
 updated: config/packages/security.yaml


  Success!


 Next Steps:
   - Review your new App\Entity\User class.
   - Use make:entity to add more fields to your User entity and then run make:migration.
   - Create a way to authenticate! See https://symfony.com/doc/current/security.html
PS F:\CTS Internship\PHP\Symfony\Student_Inventory_System> php bin/console make:entity

 Class name of the entity to create or update (e.g. TinyPuppy):
 > User
U[K7[30;47mser[39;49m8s[K7[30;47mer[39;49m8e[K7[30;47mr[39;49m8r[K78

 Your entity already exists! So let's add some new fields!

 [32mNew property name (press [39m[32m<return>[39m[32m to stop adding fields)[39m:
 > name

 [32mField type (enter [39m[33m?[39m[32m to see all types)[39m [[33mstring[39m]:
 > string
s[K7[30;47mimple_array[39;49m8t[K7[30;47mring[39;49m8r[K7[30;47ming[39;49m8i[K7[30;47mng[39;49m8n[K7[30;47mg[39;49m8g[K78

 [32mField length[39m [[33m255[39m]:
 >

 [32mCan this field be null in the database (nullable) (yes/no)[39m [[33mno[39m]:
 > no

 [33mupdated[39m: src/Entity/User.php

 [32mAdd another property? Enter the property name (or press [39m[32m<return>[39m[32m to stop adding fields)[39m:
 > email

 [32mField type (enter [39m[33m?[39m[32m to see all types)[39m [[33mstring[39m]:
 > string
s[K7[30;47mimple_array[39;49m8t[K7[30;47mring[39;49m8r[K7[30;47ming[39;49m8i[K7[30;47mng[39;49m8n[K7[30;47mg[39;49m8g[K78

 [32mField length[39m [[33m255[39m]:
 >

 [32mCan this field be null in the database (nullable) (yes/no)[39m [[33mno[39m]:
 > no

 [33mupdated[39m: src/Entity/User.php

 [32mAdd another property? Enter the property name (or press [39m[32m<return>[39m[32m to stop adding fields)[39m:
 > phone_no

 [32mField type (enter [39m[33m?[39m[32m to see all types)[39m [[33mstring[39m]:
 > ?
?[K

[32mMain types[39m
  * [33mstring[39m
  * [33mtext[39m
  * [33mboolean[39m
  * [33minteger[39m (or [33msmallint[39m, [33mbigint[39m)
  * [33mfloat[39m

[32mRelationships / Associations[39m
  * [33mrelation[39m (a wizard will help you build the relation)
  * [33mManyToOne[39m
  * [33mOneToMany[39m
  * [33mManyToMany[39m
  * [33mOneToOne[39m

[32mArray/Object Types[39m
  * [33marray[39m (or [33msimple_array[39m)
  * [33mjson[39m
  * [33mobject[39m
  * [33mbinary[39m
  * [33mblob[39m

[32mDate/Time Types[39m
  * [33mdatetime[39m (or [33mdatetime_immutable[39m)
  * [33mdatetimetz[39m (or [33mdatetimetz_immutable[39m)
  * [33mdate[39m (or [33mdate_immutable[39m)
  * [33mtime[39m (or [33mtime_immutable[39m)
  * [33mdateinterval[39m

[32mOther Types[39m
  * [33mdecimal[39m
  * [33mguid[39m
  * [33mjson_array[39m


 [32mField type (enter [39m[33m?[39m[32m to see all types)[39m [[33mstring[39m]:
 > bigint
b[K7[30;47migint[39;49m8i[K7[30;47mgint[39;49m8g[K7[30;47mint[39;49m8i[K7[30;47mnt[39;49m8n[K7[30;47mt[39;49m8t[K78

 [32mCan this field be null in the database (nullable) (yes/no)[39m [[33mno[39m]:
 > no

 [33mupdated[39m: src/Entity/User.php

 [32mAdd another property? Enter the property name (or press [39m[32m<return>[39m[32m to stop adding fields)[39m:
 > dob

 [32mField type (enter [39m[33m?[39m[32m to see all types)[39m [[33mstring[39m]:
 > string
s[K7[30;47mimple_array[39;49m8t[K7[30;47mring[39;49m8r[K7[30;47ming[39;49m8i[K7[30;47mng[39;49m8n[K7[30;47mg[39;49m8g[K78

 [32mField length[39m [[33m255[39m]:
 >

 [32mCan this field be null in the database (nullable) (yes/no)[39m [[33mno[39m]:
 > no

 [33mupdated[39m: src/Entity/User.php

 [32mAdd another property? Enter the property name (or press [39m[32m<return>[39m[32m to stop adding fields)[39m:
 > gender

 [32mField type (enter [39m[33m?[39m[32m to see all types)[39m [[33mstring[39m]:
 > string
s[K7[30;47mimple_array[39;49m8t[K7[30;47mring[39;49m8r[K7[30;47ming[39;49m8i[K7[30;47mng[39;49m8n[K7[30;47mg[39;49m8g[K78

 [32mField length[39m [[33m255[39m]:
 >

 [32mCan this field be null in the database (nullable) (yes/no)[39m [[33mno[39m]:
 > no

 [33mupdated[39m: src/Entity/User.php

 [32mAdd another property? Enter the property name (or press [39m[32m<return>[39m[32m to stop adding fields)[39m:
 >


 [37;42m          [39;49m
 [37;42m Success! [39;49m
 [37;42m          [39;49m

 Next: When you're ready, create a migration with [32mphp bin/console make:migration[39m

PS F:\CTS Internship\PHP\Symfony\Student_Inventory_System> php bin/console make:migration


  Success!


 Next: Review the new migration "src/Migrations/Version20200508193005.php"
 Then: Run the migration with php bin/console doctrine:migrations:migrate
 See https://symfony.com/doc/current/bundles/DoctrineMigrationsBundle/index.html
PS F:\CTS Internship\PHP\Symfony\Student_Inventory_System> php bin/console doctrine:migrations:migrate

                    Application Migrations


WARNING! You are about to execute a database migration that could result in schema changes and data loss. Are you sure you wish to continue? (y/n)y
Migrating up to 20200508193005 from 0

  ++ migrating 20200508193005

     -> CREATE TABLE user (id INT AUTO_INCREMENT NOT NULL, username VARCHAR(180) NOT NULL, roles LONGTEXT NOT NULL COMMENT '(DC2Type:json)', password VARCHAR(255) NOT NULL, name VARCHAR(255) NOT NULL, email VARCHAR(255) NOT NULL, phone_no BIGINT NOT NULL, dob VARCHAR(255) NOT NULL, gender VARCHAR(255) NOT NULL, UNIQUE INDEX UNIQ_8D93D649F85E0677 (username), PRIMARY KEY(id)) DEFAULT CHARACTER SET utf8mb4 COLLATE `utf8mb4_unicode_ci` ENGINE = InnoDB

  ++ migrated (took 1183.9ms, used 18M memory)

  ------------------------

  ++ finished in 1187.4ms
  ++ used 18M memory
  ++ 1 migrations executed
  ++ 1 sql queries
PS F:\CTS Internship\PHP\Symfony\Student_Inventory_System> php bin/console make:crud

 The class name of the entity to create CRUD (e.g. BravePuppy):
 > User
U[K7[30;47mser[39;49m8s[K7[30;47mer[39;49m8e[K7[30;47mr[39;49m8r[K78

 [34mcreated[39m: src/Controller/UserController.php
 [34mcreated[39m: src/Form/UserType.php
 [34mcreated[39m: templates/user/_delete_form.html.twig
 [34mcreated[39m: templates/user/_form.html.twig
 [34mcreated[39m: templates/user/edit.html.twig
 [34mcreated[39m: templates/user/index.html.twig
 [34mcreated[39m: templates/user/new.html.twig
 [34mcreated[39m: templates/user/show.html.twig

 [37;42m          [39;49m
 [37;42m Success! [39;49m
 [37;42m          [39;49m

 Next: Check your new CRUD by going to [33m/user/[39m
PS F:\CTS Internship\PHP\Symfony\Student_Inventory_System>php bin/console make:auth

What style of authentication do you want? [Empty authenticator]:
  [0] Empty authenticator
  [1] Login form authenticator
 > 1
1[K

 [32mThe class name of the authenticator to create (e.g. [39m[33mAppCustomAuthenticator[39m[32m)[39m:
 > CustomAuthenticator

 [32mChoose a name for the controller class (e.g. [39m[33mSecurityController[39m[32m)[39m [[33mSecurityController[39m]:
 >

 [32mDo you want to generate a '/logout' URL? (yes/no)[39m [[33myes[39m]:
 > yes

 [34mcreated[39m: src/Security/CustomAuthenticator.php
 [33mupdated[39m: config/packages/security.yaml
 [34mcreated[39m: src/Controller/SecurityController.php
 [34mcreated[39m: templates/security/login.html.twig

 [37;42m          [39;49m
 [37;42m Success! [39;49m
 [37;42m          [39;49m

 Next:
 - Customize your new authenticator.
 - Finish the redirect "TODO" in the [32mApp\Security\CustomAuthenticator::onAuthenticationSuccess()[39m method.
 - Review & adapt the login template: [32mtemplates/security/login.html.twig[39m.

PS F:\CTS Internship\PHP\Symfony\Student_Inventory_System> php bin/console make:controller

 Choose a name for your controller class (e.g. DeliciousJellybeanController):
 > TeacherController

 created: src/Controller/TeacherController.php
 created: templates/teacher/index.html.twig


  Success!


 Next: Open your new controller class and add some pages!
PS F:\CTS Internship\PHP\Symfony\Student_Inventory_System> php bin/console make:controller

 Choose a name for your controller class (e.g. DeliciousElephantController):
 > AdminController

 created: src/Controller/AdminController.php
 created: templates/admin/index.html.twig


  Success!


 Next: Open your new controller class and add some pages!
PS F:\CTS Internship\PHP\Symfony\Student_Inventory_System> php bin/console make:form

 The name of the form class (e.g. BraveGnomeType):
 > Admin

 The name of Entity or fully qualified model class name that the new form will be bound to (empty for none):
 > User
U[K7[30;47mser[39;49m8s[K7[30;47mer[39;49m8e[K7[30;47mr[39;49m8r[K78

 [34mcreated[39m: src/Form/AdminType.php

 [37;42m          [39;49m
 [37;42m Success! [39;49m
 [37;42m          [39;49m

 Next: Add fields to your form and start using it.
 Find the documentation at [33mhttps://symfony.com/doc/current/forms.html[39m
PS F:\CTS Internship\PHP\Symfony\Student_Inventory_System> php bin/console make:form

 The name of the form class (e.g. GentleJellybeanType):
 > Teacher

 The name of Entity or fully qualified model class name that the new form will be bound to (empty for none):
 > User
U[K7[30;47mser[39;49m8s[K7[30;47mer[39;49m8e[K7[30;47mr[39;49m8r[K78

 [34mcreated[39m: src/Form/TeacherType.php

 [37;42m          [39;49m
 [37;42m Success! [39;49m
 [37;42m          [39;49m

 Next: Add fields to your form and start using it.
 Find the documentation at [33mhttps://symfony.com/doc/current/forms.html[39m

PS F:\CTS Internship\PHP\Symfony\Student_Inventory_System> php bin/console make:controller

 Choose a name for your controller class (e.g. FierceJellybeanController):
 > SuperAdminController

 created: src/Controller/SuperAdminController.php
 created: templates/super_admin/index.html.twig


  Success!


 Next: Open your new controller class and add some pages!

PS F:\CTS Internship\PHP\Symfony\Student_Inventory_System> php bin/console make:form

 The name of the form class (e.g. FiercePizzaType):
 > StudentTeacher

 The name of Entity or fully qualified model class name that the new form will be bound to (empty for none):
 > User
U[K7[30;47mser[39;49m8s[K7[30;47mer[39;49m8e[K7[30;47mr[39;49m8r[K78

 [34mcreated[39m: src/Form/StudentTeacherType.php

 [37;42m          [39;49m
 [37;42m Success! [39;49m
 [37;42m          [39;49m

 Next: Add fields to your form and start using it.
 Find the documentation at [33mhttps://symfony.com/doc/current/forms.html[39m